Lenoov@Sandy MINGW64 /d/JavaScript/Git/GitPractice (master)
$ git remote add origin git@github.com:GitSandip/TextFile.git
error: remote origin already exists.

Lenoov@Sandy MINGW64 /d/JavaScript/Git/GitPractice (master)
$ git push -u origin master
git@github.com: Permission denied (publickey).
fatal: Could not read from remote repository.

Please make sure you have the correct access rights
and the repository exists.

Lenoov@Sandy MINGW64 /d/JavaScript/Git/GitPractice (master)
$ git push -u origin master
git@github.com: Permission denied (publickey).
fatal: Could not read from remote repository.

Please make sure you have the correct access rights
and the repository exists.

Lenoov@Sandy MINGW64 /d/JavaScript/Git/GitPractice (master)
$ git add README.md
fatal: pathspec 'README.md' did not match any files

Lenoov@Sandy MINGW64 /d/JavaScript/Git/GitPractice (master)
$ ^C

Lenoov@Sandy MINGW64 /d/JavaScript/Git/GitPractice (master)
$ git remote add origin https://github.com/GitSandip/TextFile.git
error: remote origin already exists.

Lenoov@Sandy MINGW64 /d/JavaScript/Git/GitPractice (master)
$ git push -u origin master
git@github.com: Permission denied (publickey).
fatal: Could not read from remote repository.

Please make sure you have the correct access rights
and the repository exists.

Lenoov@Sandy MINGW64 /d/JavaScript/Git/GitPractice (master)
$ ^C

Lenoov@Sandy MINGW64 /d/JavaScript/Git/GitPractice (master)
$ git remote set-url origin https://github.com/GitSandip/TextFile.git

Lenoov@Sandy MINGW64 /d/JavaScript/Git/GitPractice (master)
$ git push -u origin master
